Asm994a TMS99000 Assembler - v3.010

                * Asm994a Generated Register Equates
                *
      0000 0000 R0      EQU     0 
      0000 0001 R1      EQU     1 
      0000 0002 R2      EQU     2 
      0000 0003 R3      EQU     3 
      0000 0004 R4      EQU     4 
      0000 0005 R5      EQU     5 
      0000 0006 R6      EQU     6 
      0000 0007 R7      EQU     7 
      0000 0008 R8      EQU     8 
      0000 0009 R9      EQU     9 
      0000 000A R10     EQU     10
      0000 000B R11     EQU     11
      0000 000C R12     EQU     12
      0000 000D R13     EQU     13
      0000 000E R14     EQU     14
      0000 000F R15     EQU     15
                *
   1            *360k mod for disk DSR ROM
   2                    AORG >4118
   3            
   4  4118 0281         CI   1,1440     ;max 720 (DS/SD)        Change from 720 to 1440 
   4  411A 05A0  
   5  411C 144C         JHE  >41B6      ;error 7
   6  411E 0281         CI   1,720      ;on which side?         Change from 360 to 720 
   6  4120 02D0  
   7  4122 1A0D         JL   >413E      ;0-359: on side 0        "      "       "
   8  4124 0221         AI   1,-1439    ;side 1                 Change from -719 to -1439
   8  4126 FA61  
   9  4128 0000         END
   9            


 Assembly Complete - Errors: 0,  Warnings: 0


 ------ Symbol Listing ------

 R0     ABS:0000 R0
 R1     ABS:0001 R1
 R10    ABS:000A R10
 R11    ABS:000B R11
 R12    ABS:000C R12
 R13    ABS:000D R13
 R14    ABS:000E R14
 R15    ABS:000F R15
 R2     ABS:0002 R2
 R3     ABS:0003 R3
 R4     ABS:0004 R4
 R5     ABS:0005 R5
 R6     ABS:0006 R6
 R7     ABS:0007 R7
 R8     ABS:0008 R8
 R9     ABS:0009 R9
